###############################################################################
#
# IAR ELF Linker V7.50.2.10312/W32 for ARM                16/Nov/2016  21:26:31
# Copyright 2007-2015 IAR Systems AB.
#
#    Output file  =  
#        D:\001_Works\001_Working\20161021_HART_Module\Project\IAR\Debug\Exe\HART_Module.out
#    Map file     =  
#        D:\001_Works\001_Working\20161021_HART_Module\Project\IAR\Debug\List\HART_Module.map
#    Command line =  
#        D:\001_Works\001_Working\20161021_HART_Module\Project\IAR\Debug\Obj\ClkLib.o
#        D:\001_Works\001_Working\20161021_HART_Module\Project\IAR\Debug\Obj\DioLib.o
#        D:\001_Works\001_Working\20161021_HART_Module\Project\IAR\Debug\Obj\GptLib.o
#        D:\001_Works\001_Working\20161021_HART_Module\Project\IAR\Debug\Obj\HART.o
#        D:\001_Works\001_Working\20161021_HART_Module\Project\IAR\Debug\Obj\IntLib.o
#        D:\001_Works\001_Working\20161021_HART_Module\Project\IAR\Debug\Obj\main.o
#        D:\001_Works\001_Working\20161021_HART_Module\Project\IAR\Debug\Obj\startup_ADuCM360.o
#        D:\001_Works\001_Working\20161021_HART_Module\Project\IAR\Debug\Obj\UrtLib.o
#        D:\001_Works\001_Working\20161021_HART_Module\Project\IAR\Debug\Obj\WdtLib.o
#        --redirect _Printf=_PrintfFull --redirect _Scanf=_ScanfFull -o
#        D:\001_Works\001_Working\20161021_HART_Module\Project\IAR\Debug\Exe\HART_Module.out
#        --map
#        D:\001_Works\001_Working\20161021_HART_Module\Project\IAR\Debug\List\HART_Module.map
#        --config "C:\Program Files (x86)\IAR Systems\Embedded Workbench
#        7.3\arm\config\linker\AnalogDevices\ADuCM360.icf" --semihosting
#        --entry __iar_program_start --vfe
#
###############################################################################

*******************************************************************************
*** RUNTIME MODEL ATTRIBUTES
***

CppFlavor                     = *
__Heap_Handler                = Basic
__SystemLibrary               = DLib
__dlib_dynamic_initialization = normal


*******************************************************************************
*** PLACEMENT SUMMARY
***

"A1":  place at 0x00000000 { ro section .intvec };
"P1":  place in [from 0x00000000 to 0x0001ffff] { ro };
"P2":  place in [from 0x20000000 to 0x20001fff] { rw, block CSTACK, block HEAP };

  Section             Kind        Address    Size  Object
  -------             ----        -------    ----  ------
"A1":                                        0xe0
  .intvec             ro code  0x00000000    0xe0  startup_ADuCM360.o [1]
                             - 0x000000e0    0xe0

"P1":                                      0x5ace
  .text               ro code  0x000000e0  0x3040  HART.o [1]
  .text               ro code  0x00003120    0x22  DioLib.o [1]
  .text               ro code  0x00003142     0xa  xsprout.o [3]
  .text               ro code  0x0000314c    0x2c  GptLib.o [1]
  .text               ro code  0x00003178    0x76  ABImemcpy_unaligned.o [5]
  .text               ro code  0x000031f0    0xd0  UrtLib.o [1]
  .text               ro code  0x000032c0    0x34  sprintf.o [3]
  .text               ro code  0x000032f4    0x24  FltCmpGe.o [4]
  .text               ro code  0x00003318    0x24  FltCmpLe.o [4]
  .text               ro code  0x0000333c  0x1166  xprintffull.o [3]
  .text               ro code  0x000044a2    0x20  xmbtowc.o [3]
  .text               ro code  0x000044c4    0x16  strchr.o [5]
  .text               ro code  0x000044dc    0x36  strlen.o [5]
  .text               ro code  0x00004514    0x58  memchr.o [5]
  .text               ro code  0x0000456c     0xa  xmbcurmax.o [3]
  .text               ro code  0x00004578    0xb0  xxmemxmalloc.o [3]
  .text               ro code  0x00004628    0x1a  xwctomb.o [3]
  .text               ro code  0x00004644    0x80  xxmemxfree.o [3]
  .text               ro code  0x000046c4    0xee  I64DivMod.o [5]
  .text               ro code  0x000047b2    0x42  xdnorm.o [4]
  .text               ro code  0x000047f4    0x2e  DblCmpLe.o [4]
  .text               ro code  0x00004824    0x2e  DblCmpGe.o [4]
  .text               ro code  0x00004854   0x10c  xdscale.o [4]
  .text               ro code  0x00004960    0x58  DblToI32.o [4]
  .text               ro code  0x000049b8    0x30  I32ToDbl.o [4]
  .text               ro code  0x000049e8   0x180  DblSub.o [4]
  .text               ro code  0x00004b68   0x1a2  DblMul.o [4]
  .text               ro code  0x00004d0c   0x256  DblDiv.o [4]
  .text               ro code  0x00004f64    0x6c  localeconv.o [3]
  .text               ro code  0x00004fd0     0xe  div.o [3]
  .text               ro code  0x00004fe0    0x14  setlocale.o [3]
  .text               ro code  0x00004ff4    0x60  xencoding_sb.o [3]
  .text               ro code  0x00005054    0x2c  xgetmemchunk.o [3]
  .text               ro code  0x00005080     0x2  I64DivZer.o [5]
  .text               ro code  0x00005084    0xd4  DblAdd.o [4]
  .text               ro code  0x00005158     0x2  xtls.o [3]
  .rodata             const    0x0000515c   0x780  HART.o [1]
  .text               ro code  0x000058dc    0xa4  main.o [1]
  .text               ro code  0x00005980    0x20  WdtLib.o [1]
  .text               ro code  0x000059a0    0x60  ClkLib.o [1]
  .text               ro code  0x00005a00    0x40  zero_init3.o [5]
  .text               ro code  0x00005a40    0x38  packbits_init_single.o [5]
  .text               ro code  0x00005a78    0x28  data_init.o [5]
  .iar.init_table     const    0x00005aa0    0x20  - Linker created -
  .text               ro code  0x00005ac0    0x1a  cmain.o [5]
  .text               ro code  0x00005ada     0x4  low_level_init.o [3]
  .text               ro code  0x00005ade     0x4  exit.o [3]
  .text               ro code  0x00005ae4     0xa  cexit.o [5]
  .text               ro code  0x00005af0    0x14  exit.o [6]
  .rodata             const    0x00005b04    0x18  HART.o [1]
  .rodata             const    0x00005b1c    0x14  HART.o [1]
  .rodata             const    0x00005b30    0x10  HART.o [1]
  .rodata             const    0x00005b40     0xc  HART.o [1]
  .rodata             const    0x00005b4c     0xc  HART.o [1]
  .rodata             const    0x00005b58     0xc  HART.o [1]
  .rodata             const    0x00005b64     0xc  HART.o [1]
  .rodata             const    0x00005b70     0xc  HART.o [1]
  .rodata             const    0x00005b7c     0xc  HART.o [1]
  .text               ro code  0x00005b88     0xc  cstartup_M.o [5]
  .rodata             const    0x00005b94     0x4  HART.o [1]
  .text               ro code  0x00005b98     0x4  startup_ADuCM360.o [1]
  .rodata             const    0x00005b9c     0x0  zero_init3.o [5]
  .rodata             const    0x00005b9c     0x0  packbits_init_single.o [5]
  Initializer bytes   const    0x00005b9c    0x12  <for P2-1>
                             - 0x00005bae  0x5ace

"P2", part 1 of 3:                          0x105
  P2-1                         0x20000000   0x105  <Init block>
    .data             inited   0x20000000     0x8  HART.o [1]
    __DLIB_PERTHREAD  inited   0x20000008    0x88  localeconv.o [3]
    __DLIB_PERTHREAD  inited   0x20000090    0x74  setlocale.o [3]
    .data             inited   0x20000104     0x1  HART.o [1]
                             - 0x20000105   0x105

"P2", part 2 of 3:                          0x800
  CSTACK                       0x20000108   0x400  <Block>
    CSTACK            uninit   0x20000108   0x400  <Block tail>
  HEAP                         0x20000508   0x400  <Block>
    HEAP              uninit   0x20000508   0x400  <Block tail>
                             - 0x20000908   0x800

"P2", part 3 of 3:                          0x1dc
  .bss                zero     0x20000908    0xe8  HART.o [1]
  .bss                zero     0x200009f0    0x6c  HART.o [1]
  .bss                zero     0x20000a5c    0x38  HART.o [1]
  .bss                zero     0x20000a94    0x14  HART.o [1]
  .bss                zero     0x20000aa8     0xc  HART.o [1]
  .bss                zero     0x20000ab4     0x8  xxmemxmalloc.o [3]
  .bss                zero     0x20000abc     0x4  HART.o [1]
  .bss                zero     0x20000ac0     0x4  HART.o [1]
  .bss                zero     0x20000ac4     0x4  xgetmemchunk.o [3]
  .bss                zero     0x20000ac8     0x2  HART.o [1]
  .bss                zero     0x20000aca     0x2  HART.o [1]
  .bss                zero     0x20000acc     0x2  HART.o [1]
  .bss                zero     0x20000ace     0x2  HART.o [1]
  .bss                zero     0x20000ad0     0x2  HART.o [1]
  .bss                zero     0x20000ad2     0x2  HART.o [1]
  .bss                zero     0x20000ad4     0x2  HART.o [1]
  .bss                zero     0x20000ad6     0x2  HART.o [1]
  .bss                zero     0x20000ad8     0x1  HART.o [1]
  .bss                zero     0x20000ad9     0x1  HART.o [1]
  .bss                zero     0x20000ada     0x1  HART.o [1]
  .bss                zero     0x20000adb     0x1  HART.o [1]
  .bss                zero     0x20000adc     0x1  HART.o [1]
  .bss                zero     0x20000add     0x1  HART.o [1]
  .bss                zero     0x20000ade     0x1  HART.o [1]
  .bss                zero     0x20000adf     0x1  HART.o [1]
  .bss                zero     0x20000ae0     0x1  HART.o [1]
  .bss                zero     0x20000ae1     0x1  HART.o [1]
                             - 0x20000ae2   0x1da


*******************************************************************************
*** INIT TABLE
***

          Address     Size
          -------     ----
Zero (__iar_zero_init3)
    1 destination range, total size 0x1da:
          0x20000908  0x1da

Copy/packbits (__iar_packbits_init_single3)
    1 source range, total size 0x12 (6% of destination):
          0x00005b9c   0x12
    1 destination range, total size 0x105:
          0x20000000  0x105



*******************************************************************************
*** MODULE SUMMARY
***

    Module                  ro code  ro data  rw data
    ------                  -------  -------  -------
D:\001_Works\001_Working\20161021_HART_Module\Project\IAR\Debug\Obj: [1]
    ClkLib.o                     96
    DioLib.o                     34
    GptLib.o                     44
    HART.o                   12 352    2 057      471
    UrtLib.o                    208
    WdtLib.o                     32
    main.o                      164
    startup_ADuCM360.o          228
    -------------------------------------------------
    Total:                   13 158    2 057      471

command line: [2]
    -------------------------------------------------
    Total:

dl7M_tlf.a: [3]
    div.o                        14
    exit.o                        4
    localeconv.o                108        9      136
    low_level_init.o              4
    setlocale.o                  20        8      116
    sprintf.o                    52
    xencoding_sb.o               96
    xgetmemchunk.o               44                 4
    xmbcurmax.o                  10
    xmbtowc.o                    32
    xprintffull.o             4 454
    xsprout.o                    10
    xtls.o                        2
    xwctomb.o                    26
    xxmemxfree.o                128
    xxmemxmalloc.o              176                 8
    -------------------------------------------------
    Total:                    5 180       17      264

m7M_tl.a: [4]
    DblAdd.o                    212
    DblCmpGe.o                   46
    DblCmpLe.o                   46
    DblDiv.o                    598
    DblMul.o                    418
    DblSub.o                    384
    DblToI32.o                   88
    FltCmpGe.o                   36
    FltCmpLe.o                   36
    I32ToDbl.o                   48
    xdnorm.o                     66
    xdscale.o                   268
    -------------------------------------------------
    Total:                    2 246

rt7M_tl.a: [5]
    ABImemcpy_unaligned.o       118
    I64DivMod.o                 238
    I64DivZer.o                   2
    cexit.o                      10
    cmain.o                      26
    cstartup_M.o                 12
    data_init.o                  40
    memchr.o                     88
    packbits_init_single.o       56
    strchr.o                     22
    strlen.o                     54
    zero_init3.o                 64
    -------------------------------------------------
    Total:                      730

shb_l.a: [6]
    exit.o                       20
    -------------------------------------------------
    Total:                       20

    Gaps                         28        2
    Linker created                        32    2 048
-----------------------------------------------------
    Grand Total:             21 362    2 108    2 783


*******************************************************************************
*** ENTRY LIST
***

Entry                      Address   Size  Type      Object
-----                      -------   ----  ----      ------
.iar.init_table$$Base   0x00005aa0          --   Gb  - Linker created -
.iar.init_table$$Limit  0x00005ac0          --   Gb  - Linker created -
?main                   0x00005ac1         Code  Gb  cmain.o [5]
C0_RdUniqueId           0x00001f0b   0x1c  Code  Gb  HART.o [1]
C108_WrBurstModeCmdNum  0x00002fcb   0x36  Code  Gb  HART.o [1]
C109_BurstModeControl   0x00003001   0x30  Code  Gb  HART.o [1]
C12_RdMessage           0x00002551   0x42  Code  Gb  HART.o [1]
C13_RdTagDescriptorDate
                        0x00002599   0x88  Code  Gb  HART.o [1]
C14_RdPVTransducerInfo  0x00002625   0x78  Code  Gb  HART.o [1]
C15_RdDeviceInfo        0x0000269d   0xac  Code  Gb  HART.o [1]
C16_RdFinalAssemblyNum  0x00002749   0x3a  Code  Gb  HART.o [1]
C17_WrMessage           0x00002783   0x44  Code  Gb  HART.o [1]
C18_WrTagDescriptorDate
                        0x000027c7   0x56  Code  Gb  HART.o [1]
C19_WrFinalAssemblyNum  0x0000281d   0x44  Code  Gb  HART.o [1]
C1_RdPV                 0x00001f27   0x3a  Code  Gb  HART.o [1]
C200_WrTest             0x00003031   0x60  Code  Gb  HART.o [1]
C20_RdLongTag           0x00002865   0x3c  Code  Gb  HART.o [1]
C22_WrLongTag           0x000028a1   0x42  Code  Gb  HART.o [1]
C2_RdLoopCurrPerOfRange
                        0x00001f65   0x32  Code  Gb  HART.o [1]
C33_RdDeviceVariable    0x000028e9  0x190  Code  Gb  HART.o [1]
C34_WrPVDamping         0x00002a79   0x36  Code  Gb  HART.o [1]
C35_WrPVRange           0x00002ab9   0x6c  Code  Gb  HART.o [1]
C36_SetPVUpperRange     0x00002b29   0x20  Code  Gb  HART.o [1]
C37_SetPVLowerRange     0x00002b49   0x20  Code  Gb  HART.o [1]
C38_ResetCfgChangeFlag  0x00002b71   0x32  Code  Gb  HART.o [1]
C3_RdDVLoopCurr         0x00001f97   0x4a  Code  Gb  HART.o [1]
C40_EnterOrExitFixedCurrent
                        0x00002bad   0x3c  Code  Gb  HART.o [1]
C41_PerformSelfTest     0x00002be9    0x8  Code  Gb  HART.o [1]
C42_PerformDeviceReset  0x00002bf1   0x16  Code  Gb  HART.o [1]
C43_PVZero              0x00002c07   0x20  Code  Gb  HART.o [1]
C44_WrPVUnit            0x00002c31   0x3e  Code  Gb  HART.o [1]
C45_TrimLoopCurrentZero
                        0x00002c6f   0x5e  Code  Gb  HART.o [1]
C46_TrimLoopCurrentGain
                        0x00002ccd   0x5e  Code  Gb  HART.o [1]
C47_WrPVTransferFunction
                        0x00002d2b   0x3e  Code  Gb  HART.o [1]
C48_RdAdditionalDeviceStatus
                        0x00002d69   0xf8  Code  Gb  HART.o [1]
C49_WrPVTransducerSerialNum
                        0x00002e61   0x58  Code  Gb  HART.o [1]
C50_RdDVAssignments     0x00002eb9   0x5c  Code  Gb  HART.o [1]
C51_WrDVAssignments     0x00002f15   0x80  Code  Gb  HART.o [1]
C59_WrNumOfResposePreambles
                        0x00002f95   0x36  Code  Gb  HART.o [1]
C6_WrPollingAddr        0x00001fe9   0x5e  Code  Gb  HART.o [1]
C7_RdLoopConfiguration  0x0000204d   0x42  Code  Gb  HART.o [1]
C8_RdDVClass            0x0000208f   0x76  Code  Gb  HART.o [1]
C9_RdStatusDV           0x0000212d  0x420  Code  Gb  HART.o [1]
CSTACK$$Base            0x20000108          --   Gb  - Linker created -
CSTACK$$Limit           0x20000508          --   Gb  - Linker created -
Chip_Initailize         0x000058dd   0x7e  Code  Gb  main.o [1]
ClkCfg                  0x000059a1   0x20  Code  Gb  ClkLib.o [1]
ClkDis                  0x000059ed    0x8  Code  Gb  ClkLib.o [1]
ClkSel                  0x000059c1   0x2c  Code  Gb  ClkLib.o [1]
Cmd_Function            0x00000c81  0x394  Code  Gb  HART.o [1]
Config_Change           0x00001d39   0x1a  Code  Lc  HART.o [1]
Data_To_Float           0x00001d53   0x20  Code  Lc  HART.o [1]
DioCfg                  0x00003121    0x6  Code  Gb  DioLib.o [1]
DioClr                  0x00003139    0xa  Code  Gb  DioLib.o [1]
DioOen                  0x00003127    0x6  Code  Gb  DioLib.o [1]
DioPul                  0x0000312d    0x6  Code  Gb  DioLib.o [1]
DioSet                  0x00003133    0x6  Code  Gb  DioLib.o [1]
Enter_Critical_Section  0x00000c79    0x4  Code  Gb  HART.o [1]
Exit_Critical_Section   0x00000c7d    0x4  Code  Gb  HART.o [1]
Float_To_Data           0x00001d73   0x62  Code  Lc  HART.o [1]
Frame_Cmd_Data          0x00001015   0x5a  Code  Gb  HART.o [1]
GLCD_ClearScreen        0x00000315   0x30  Code  Gb  HART.o [1]
GLCD_GoTo               0x000002db   0x3a  Code  Gb  HART.o [1]
GLCD_Initialize         0x00000273   0x68  Code  Gb  HART.o [1]
GLCD_InitializePorts    0x0000013d   0x58  Code  Gb  HART.o [1]
GLCD_WriteChar5x7       0x00000345   0x36  Code  Gb  HART.o [1]
GLCD_WriteCommand       0x000001ff   0x74  Code  Gb  HART.o [1]
GLCD_WriteData          0x00000195   0x6a  Code  Gb  HART.o [1]
GLCD_WriteString5x7     0x0000037b   0x16  Code  Gb  HART.o [1]
GP_Tmr0_Int_Handler     0x000030c5   0x30  Code  Gb  HART.o [1]
Get_Act_Gain_Current    0x00000771    0x8  Code  Gb  HART.o [1]
Get_Act_Zero_Current    0x00000761    0x8  Code  Gb  HART.o [1]
Get_Alarm_Sw            0x000006dd    0xa  Code  Gb  HART.o [1]
Get_Analog_Channel      0x00000719    0xa  Code  Gb  HART.o [1]
Get_Analog_Channel_Fixed
                        0x0000054b    0xa  Code  Gb  HART.o [1]
Get_Analog_Channel_Saturation
                        0x00000537    0xa  Code  Gb  HART.o [1]
Get_Burst_Mode          0x0000045b    0xa  Code  Gb  HART.o [1]
Get_Burst_Mode_Cmd_Num  0x0000046f    0xa  Code  Gb  HART.o [1]
Get_CORR_Code           0x000007ef    0xa  Code  Gb  HART.o [1]
Get_CORR_Status         0x00000803    0xa  Code  Gb  HART.o [1]
Get_CORR_Unit           0x000007db    0xa  Code  Gb  HART.o [1]
Get_CORR_Value          0x000007c7    0xa  Code  Gb  HART.o [1]
Get_Config_Change_Counter
                        0x00000567    0x8  Code  Gb  HART.o [1]
Get_Contrast_Code       0x00000985    0x8  Code  Gb  HART.o [1]
Get_Contrast_Status     0x00000995    0x8  Code  Gb  HART.o [1]
Get_Contrast_Unit       0x00000975    0x8  Code  Gb  HART.o [1]
Get_Contrast_Value      0x00000965    0x8  Code  Gb  HART.o [1]
Get_CurrentDir_Code     0x000008ff    0xa  Code  Gb  HART.o [1]
Get_CurrentDir_Status   0x00000913    0xa  Code  Gb  HART.o [1]
Get_CurrentDir_Unit     0x000008e5    0xa  Code  Gb  HART.o [1]
Get_CurrentDir_Value    0x000008cb    0xa  Code  Gb  HART.o [1]
Get_Date                0x00000609    0x6  Code  Gb  HART.o [1]
Get_Density_Code        0x00000945    0x8  Code  Gb  HART.o [1]
Get_Density_Status      0x00000955    0x8  Code  Gb  HART.o [1]
Get_Density_Unit        0x00000935    0x8  Code  Gb  HART.o [1]
Get_Density_Value       0x00000925    0x8  Code  Gb  HART.o [1]
Get_Descriptor          0x000005e3    0x6  Code  Gb  HART.o [1]
Get_Device_Operating_Mode
                        0x000007a7    0xa  Code  Gb  HART.o [1]
Get_Device_Specific_Status
                        0x00000797    0x6  Code  Gb  HART.o [1]
Get_Extended_Device_Status
                        0x000004d3    0xa  Code  Gb  HART.o [1]
Get_Final_Assembly_Num  0x00000743    0x6  Code  Gb  HART.o [1]
Get_Fixed_Current       0x00000751    0x8  Code  Gb  HART.o [1]
Get_Host_Type           0x000007b1    0xc  Code  Gb  HART.o [1]
Get_LongTag             0x0000062f    0x6  Code  Gb  HART.o [1]
Get_Loop_Current        0x00000439    0x8  Code  Gb  HART.o [1]
Get_Loop_Current_Mode   0x000004bf    0xa  Code  Gb  HART.o [1]
Get_Message             0x00000597    0x6  Code  Gb  HART.o [1]
Get_Percent_Of_Range    0x00000449    0x8  Code  Gb  HART.o [1]
Get_Polling_Addr        0x000004ab    0xa  Code  Gb  HART.o [1]
Get_Protect             0x00000705    0xa  Code  Gb  HART.o [1]
Get_Pv                  0x00000399    0x8  Code  Gb  HART.o [1]
Get_Pv_Code             0x000003f5    0xa  Code  Gb  HART.o [1]
Get_Pv_Damping_Time     0x000006b5    0xa  Code  Gb  HART.o [1]
Get_Pv_Lower_Range      0x000006a1    0xa  Code  Gb  HART.o [1]
Get_Pv_Min_Span         0x000006c9    0xa  Code  Gb  HART.o [1]
Get_Pv_Status           0x00000427    0xa  Code  Gb  HART.o [1]
Get_Pv_Unit             0x000003c3    0xa  Code  Gb  HART.o [1]
Get_Pv_Upper_Range      0x0000068d    0xa  Code  Gb  HART.o [1]
Get_Response_Preamble_Num
                        0x00000483    0xa  Code  Gb  HART.o [1]
Get_Rx_Data_Pointer     0x00001ddd   0x16  Code  Gb  HART.o [1]
Get_Std_Status_0        0x000004e7    0xa  Code  Gb  HART.o [1]
Get_Std_Status_1        0x000004fb    0xa  Code  Gb  HART.o [1]
Get_Std_Status_2        0x0000050f    0xa  Code  Gb  HART.o [1]
Get_Std_Status_3        0x00000523    0xa  Code  Gb  HART.o [1]
Get_Tag                 0x000005bd    0x6  Code  Gb  HART.o [1]
Get_Transducer_Lower    0x00000679    0xa  Code  Gb  HART.o [1]
Get_Transducer_Serial_Num
                        0x00000655    0x6  Code  Gb  HART.o [1]
Get_Transducer_Upper    0x00000665    0xa  Code  Gb  HART.o [1]
Get_Transfer_Func       0x000006f1    0xa  Code  Gb  HART.o [1]
Get_Ul_Range_Unit       0x00000497    0xa  Code  Gb  HART.o [1]
Get_UserSet_20mA_Code   0x0000083f    0xa  Code  Gb  HART.o [1]
Get_UserSet_20mA_Status
                        0x00000853    0xa  Code  Gb  HART.o [1]
Get_UserSet_20mA_Unit   0x0000082b    0xa  Code  Gb  HART.o [1]
Get_UserSet_20mA_Value  0x00000817    0xa  Code  Gb  HART.o [1]
Get_UserSet_4mA_Code    0x00000893    0xa  Code  Gb  HART.o [1]
Get_UserSet_4mA_Status  0x000008b1    0xa  Code  Gb  HART.o [1]
Get_UserSet_4mA_Unit    0x0000087f    0xa  Code  Gb  HART.o [1]
Get_UserSet_4mA_Value   0x00000867    0xa  Code  Gb  HART.o [1]
GptCfg                  0x0000314d   0x20  Code  Gb  GptLib.o [1]
GptClrInt               0x00003173    0x6  Code  Gb  GptLib.o [1]
GptLd                   0x0000316d    0x6  Code  Gb  GptLib.o [1]
HART_Init               0x000009e9   0x6c  Code  Gb  HART.o [1]
HART_Process            0x00000bc9   0xaa  Code  Lc  HART.o [1]
HART_Rx_Msg             0x000014b5  0x3a6  Code  Gb  HART.o [1]
HART_Tx_Msg             0x000013b9   0xbc  Code  Gb  HART.o [1]
HART_Wait               0x00000b05   0xc2  Code  Lc  HART.o [1]
HART_polling            0x00000a59   0xac  Code  Gb  HART.o [1]
HEAP$$Base              0x20000508          --   Gb  - Linker created -
HEAP$$Limit             0x20000908          --   Gb  - Linker created -
HrtByteCnt              0x20000ace    0x2  Data  Gb  HART.o [1]
HrtDeviceStatus         0x20000ae0    0x1  Data  Gb  HART.o [1]
HrtResposeCode          0x20000adf    0x1  Data  Gb  HART.o [1]
Init_Param              0x00001125  0x208  Code  Gb  HART.o [1]
Is_Addr_Match           0x0000106f   0x7a  Code  Lc  HART.o [1]
Is_Timeout_Id           0x00001ab1   0x26  Code  Gb  HART.o [1]
LCD                     0x20000a94   0x14  Data  Gb  HART.o [1]
LoadInt                 0x0000398b   0x6e  Code  Lc  xprintffull.o [3]
Longitudinal_Parity     0x00001101   0x24  Code  Lc  HART.o [1]
NVIC_EnableIRQ          0x000000e1   0x16  Code  Lc  HART.o [1]
NVIC_SystemReset        0x000000f7   0x22  Code  Lc  HART.o [1]
Packed_ASCII            0x000018f5  0x15c  Code  Gb  HART.o [1]
RcvFrameCnt             0x20000acc    0x2  Data  Gb  HART.o [1]
Region$$Table$$Base     0x00005aa0          --   Gb  - Linker created -
Region$$Table$$Limit    0x00005ac0          --   Gb  - Linker created -
Send_Byte               0x00001861   0x10  Code  Gb  HART.o [1]
Set_Act_Gain_Current    0x00000769    0x8  Code  Gb  HART.o [1]
Set_Act_Zero_Current    0x00000759    0x8  Code  Gb  HART.o [1]
Set_Alarm_Sw            0x000006d3    0xa  Code  Gb  HART.o [1]
Set_Analog_Channel      0x0000070f    0xa  Code  Gb  HART.o [1]
Set_Analog_Channel_Fixed
                        0x00000541    0xa  Code  Gb  HART.o [1]
Set_Analog_Channel_Saturation
                        0x0000052d    0xa  Code  Gb  HART.o [1]
Set_Burst_Mode          0x00000451    0xa  Code  Gb  HART.o [1]
Set_Burst_Mode_Cmd_Num  0x00000465    0xa  Code  Gb  HART.o [1]
Set_CORR_Code           0x000007e5    0xa  Code  Gb  HART.o [1]
Set_CORR_Status         0x000007f9    0xa  Code  Gb  HART.o [1]
Set_CORR_Unit           0x000007d1    0xa  Code  Gb  HART.o [1]
Set_CORR_Value          0x000007bd    0xa  Code  Gb  HART.o [1]
Set_Config_Change_Counter
                        0x0000055f    0x8  Code  Gb  HART.o [1]
Set_Config_Change_Flag  0x00000555    0xa  Code  Gb  HART.o [1]
Set_Contrast_Code       0x0000097d    0x8  Code  Gb  HART.o [1]
Set_Contrast_Status     0x0000098d    0x8  Code  Gb  HART.o [1]
Set_Contrast_Unit       0x0000096d    0x8  Code  Gb  HART.o [1]
Set_Contrast_Value      0x0000095d    0x8  Code  Gb  HART.o [1]
Set_CurrentDir_Code     0x000008f5    0xa  Code  Gb  HART.o [1]
Set_CurrentDir_Status   0x00000909    0xa  Code  Gb  HART.o [1]
Set_CurrentDir_Unit     0x000008d5    0xa  Code  Gb  HART.o [1]
Set_CurrentDir_Value    0x000008c1    0xa  Code  Gb  HART.o [1]
Set_Data_Link           0x00001e01   0xc0  Code  Gb  HART.o [1]
Set_Date                0x000005e9   0x20  Code  Gb  HART.o [1]
Set_Delay_Time          0x00001a6f   0x36  Code  Gb  HART.o [1]
Set_Density_Code        0x0000093d    0x8  Code  Gb  HART.o [1]
Set_Density_Status      0x0000094d    0x8  Code  Gb  HART.o [1]
Set_Density_Unit        0x0000092d    0x8  Code  Gb  HART.o [1]
Set_Density_Value       0x0000091d    0x8  Code  Gb  HART.o [1]
Set_Descriptor          0x000005c3   0x20  Code  Gb  HART.o [1]
Set_Device_Operating_Mode
                        0x0000079d    0xa  Code  Gb  HART.o [1]
Set_Device_Specific_Status
                        0x00000779   0x1e  Code  Gb  HART.o [1]
Set_Extended_Device_Status
                        0x000004c9    0xa  Code  Gb  HART.o [1]
Set_Final_Assembly_Num  0x00000723   0x20  Code  Gb  HART.o [1]
Set_Fixed_Current       0x00000749    0x8  Code  Gb  HART.o [1]
Set_ID                  0x00001b21  0x212  Code  Gb  HART.o [1]
Set_LongTag             0x0000060f   0x20  Code  Gb  HART.o [1]
Set_Loop_Current        0x00000431    0x8  Code  Gb  HART.o [1]
Set_Loop_Current_Mode   0x000004b5    0xa  Code  Gb  HART.o [1]
Set_Message             0x00000577   0x20  Code  Gb  HART.o [1]
Set_Percent_Of_Range    0x00000441    0x8  Code  Gb  HART.o [1]
Set_Polling_Addr        0x000004a1    0xa  Code  Gb  HART.o [1]
Set_Protect             0x000006fb    0xa  Code  Gb  HART.o [1]
Set_Pv                  0x00000391    0x8  Code  Gb  HART.o [1]
Set_Pv_Code             0x000003eb    0xa  Code  Gb  HART.o [1]
Set_Pv_Damping_Time     0x000006ab    0xa  Code  Gb  HART.o [1]
Set_Pv_Lower_Range      0x00000697    0xa  Code  Gb  HART.o [1]
Set_Pv_Min_Span         0x000006bf    0xa  Code  Gb  HART.o [1]
Set_Pv_Status           0x0000041d    0xa  Code  Gb  HART.o [1]
Set_Pv_Unit             0x000003b9    0xa  Code  Gb  HART.o [1]
Set_Pv_Upper_Range      0x00000683    0xa  Code  Gb  HART.o [1]
Set_Pv_Zero             0x0000056f    0x8  Code  Gb  HART.o [1]
Set_Qv                  0x000003b1    0x8  Code  Gb  HART.o [1]
Set_Qv_Code             0x00000413    0xa  Code  Gb  HART.o [1]
Set_Qv_Unit             0x000003e1    0xa  Code  Gb  HART.o [1]
Set_Rcv_Frame_Count     0x00001881   0x1a  Code  Gb  HART.o [1]
Set_Response_Code       0x00001ec9   0x42  Code  Gb  HART.o [1]
Set_Response_Preamble_Num
                        0x00000479    0xa  Code  Gb  HART.o [1]
Set_Std_Status_0        0x000004dd    0xa  Code  Gb  HART.o [1]
Set_Std_Status_1        0x000004f1    0xa  Code  Gb  HART.o [1]
Set_Std_Status_2        0x00000505    0xa  Code  Gb  HART.o [1]
Set_Std_Status_3        0x00000519    0xa  Code  Gb  HART.o [1]
Set_Sv                  0x000003a1    0x8  Code  Gb  HART.o [1]
Set_Sv_Code             0x000003ff    0xa  Code  Gb  HART.o [1]
Set_Sv_Unit             0x000003cd    0xa  Code  Gb  HART.o [1]
Set_Tag                 0x0000059d   0x20  Code  Gb  HART.o [1]
Set_Transducer_Lower    0x0000066f    0xa  Code  Gb  HART.o [1]
Set_Transducer_Serial_Num
                        0x00000635   0x20  Code  Gb  HART.o [1]
Set_Transducer_Upper    0x0000065b    0xa  Code  Gb  HART.o [1]
Set_Transfer_Func       0x000006e7    0xa  Code  Gb  HART.o [1]
Set_Tv                  0x000003a9    0x8  Code  Gb  HART.o [1]
Set_Tv_Code             0x00000409    0xa  Code  Gb  HART.o [1]
Set_Tv_Unit             0x000003d7    0xa  Code  Gb  HART.o [1]
Set_Ul_Range_Unit       0x0000048d    0xa  Code  Gb  HART.o [1]
Set_UserSet_20mA_Code   0x00000835    0xa  Code  Gb  HART.o [1]
Set_UserSet_20mA_Status
                        0x00000849    0xa  Code  Gb  HART.o [1]
Set_UserSet_20mA_Unit   0x00000821    0xa  Code  Gb  HART.o [1]
Set_UserSet_20mA_Value  0x0000080d    0xa  Code  Gb  HART.o [1]
Set_UserSet_4mA_Code    0x00000889    0xa  Code  Gb  HART.o [1]
Set_UserSet_4mA_Status  0x000008a1    0xa  Code  Gb  HART.o [1]
Set_UserSet_4mA_Unit    0x00000875    0xa  Code  Gb  HART.o [1]
Set_UserSet_4mA_Value   0x0000085d    0xa  Code  Gb  HART.o [1]
Soft_Timer_Dec          0x00001a51   0x1e  Code  Lc  HART.o [1]
Soft_Timer_Init         0x0000099d   0x28  Code  Gb  HART.o [1]
TIMER0_Init             0x000009cd   0x1c  Code  Gb  HART.o [1]
UART_Enable             0x00001357   0x56  Code  Gb  HART.o [1]
UART_Init               0x0000132d   0x2a  Code  Gb  HART.o [1]
UART_Int_Handler        0x00003091   0x34  Code  Gb  HART.o [1]
UrtCfg                  0x000031f1   0x9a  Code  Gb  UrtLib.o [1]
UrtIntCfg               0x000032b7    0x6  Code  Gb  UrtLib.o [1]
UrtIntSta               0x000032bd    0x4  Code  Gb  UrtLib.o [1]
UrtMod                  0x000032ad    0xa  Code  Gb  UrtLib.o [1]
UrtRx                   0x000032a9    0x4  Code  Gb  UrtLib.o [1]
UrtTx                   0x00003299   0x10  Code  Gb  UrtLib.o [1]
WdtCfg                  0x00005981   0x1c  Code  Gb  WdtLib.o [1]
_EncodingSb_Mbtowc      0x0000500f   0x30  Code  Gb  xencoding_sb.o [3]
_EncodingSb_Wctomb      0x00004ff5   0x1a  Code  Gb  xencoding_sb.o [3]
_GenldFull              0x0000420f  0x24c  Code  Lc  xprintffull.o [3]
_IsdstStr               0x20000094    0x4  Data  Gb  setlocale.o [3]
_LdtobFull              0x00003e0d  0x3fc  Code  Lc  xprintffull.o [3]
_LitobFull              0x00003d05  0x106  Code  Lc  xprintffull.o [3]
_LocaleEncoding         0x00004fe1    0xe  Code  Gb  setlocale.o [3]
_LocaleReturnString     0x200000b4   0x50  Data  Lc  setlocale.o [3]
_Locale_Profile         0x20000098   0x1c  Data  Gb  setlocale.o [3]
_Locale_aeabi_lconv     0x20000058   0x38  Data  Gb  localeconv.o [3]
_Locale_lconv           0x20000008   0x50  Data  Gb  localeconv.o [3]
_Mbtowc                 0x000044a3   0x20  Code  Gb  xmbtowc.o [3]
_PrintfFull             0x0000333d  0x638  Code  Gb  xprintffull.o [3]
_PutcharsFull           0x0000445b   0x2e  Code  Lc  xprintffull.o [3]
_PutstrFull             0x000039f9  0x306  Code  Lc  xprintffull.o [3]
_SProut                 0x00003143    0xa  Code  Gb  xsprout.o [3]
_TzoneStr               0x20000090    0x4  Data  Gb  setlocale.o [3]
_Wctomb                 0x00004629   0x1a  Code  Gb  xwctomb.o [3]
__aeabi_cdcmple         0x000047f5         Code  Gb  DblCmpLe.o [4]
__aeabi_cdrcmple        0x00004825         Code  Gb  DblCmpGe.o [4]
__aeabi_cfcmple         0x00003319         Code  Gb  FltCmpLe.o [4]
__aeabi_cfrcmple        0x000032f5         Code  Gb  FltCmpGe.o [4]
__aeabi_d2iz            0x00004961         Code  Gb  DblToI32.o [4]
__aeabi_d2uiz           0x0000498d         Code  Gb  DblToI32.o [4]
__aeabi_ddiv            0x00004d0d         Code  Gb  DblDiv.o [4]
__aeabi_dmul            0x00004b69         Code  Gb  DblMul.o [4]
__aeabi_dsub            0x000049e9         Code  Gb  DblSub.o [4]
__aeabi_i2d             0x000049b9         Code  Gb  I32ToDbl.o [4]
__aeabi_ldiv0           0x00005081         Code  Gb  I64DivZer.o [5]
__aeabi_ui2d            0x000049cd         Code  Gb  I32ToDbl.o [4]
__aeabi_uldivmod        0x000046c5         Code  Gb  I64DivMod.o [5]
__cmain                 0x00005ac1         Code  Gb  cmain.o [5]
__data_Aldata           0x20000ab4    0x8  Data  Gb  xxmemxmalloc.o [3]
__data_GetMemChunk      0x00005055   0x2c  Code  Gb  xgetmemchunk.o [3]
__exit                  0x00005af1   0x14  Code  Gb  exit.o [6]
__iar_Dnorm             0x000047b3   0x42  Code  Gb  xdnorm.o [4]
__iar_Dscale            0x00004855  0x10c  Code  Gb  xdscale.o [4]
__iar_Locale_lconv_init
                        0x00004f65   0x3a  Code  Gb  localeconv.o [3]
__iar_Mbcurmax          0x0000456d    0xa  Code  Gb  xmbcurmax.o [3]
__iar_Memchr            0x00004515         Code  Gb  memchr.o [5]
__iar_Strchr            0x000044c5         Code  Gb  strchr.o [5]
__iar_d2uiz             0x00004999         Code  Gb  DblToI32.o [4]
__iar_dadd              0x00005085         Code  Gb  DblAdd.o [4]
__iar_data_init3        0x00005a79   0x28  Code  Gb  data_init.o [5]
__iar_dlib_perthread_access
                        0x00005159    0x2  Code  Gb  xtls.o [3]
__iar_dsub              0x000049fd         Code  Gb  DblSub.o [4]
__iar_dsubStart         0x00004a0f         Code  Gb  DblSub.o [4]
__iar_packbits_init_single3
                        0x00005a41   0x38  Code  Gb  packbits_init_single.o [5]
__iar_program_start     0x00005b89         Code  Gb  cstartup_M.o [5]
__iar_ui2d              0x000049d1         Code  Gb  I32ToDbl.o [4]
__iar_unaligned___aeabi_memcpy
                        0x00003179         Code  Gb  ABImemcpy_unaligned.o [5]
__iar_unaligned___aeabi_memcpy4
                        0x00003199         Code  Gb  ABImemcpy_unaligned.o [5]
__iar_unaligned___aeabi_memcpy8
                        0x00003199         Code  Gb  ABImemcpy_unaligned.o [5]
__iar_zero_init3        0x00005a01   0x40  Code  Gb  zero_init3.o [5]
__low_level_init        0x00005adb    0x4  Code  Gb  low_level_init.o [3]
__vector_table          0x00000000         Data  Gb  startup_ADuCM360.o [1]
_call_main              0x00005acd         Code  Gb  cmain.o [5]
_exit                   0x00005ae5         Code  Gb  cexit.o [5]
_main                   0x00005ad7         Code  Gb  cmain.o [5]
_para                   0x20000908   0xe8  Data  Gb  HART.o [1]
command                 0x20000abc    0x4  Data  Gb  HART.o [1]
delay_ms                0x00000129   0x14  Code  Gb  HART.o [1]
delay_us                0x00000119   0x10  Code  Gb  HART.o [1]
div                     0x00004fd1    0xe  Code  Gb  div.o [3]
dly_cnt                 0x20000ad0    0x2  Data  Gb  HART.o [1]
exit                    0x00005adf    0x4  Code  Gb  exit.o [3]
font5x7                 0x0000515c  0x780  Data  Lc  HART.o [1]
free                    0x00004645   0x7a  Code  Gb  xxmemxfree.o [3]
g_Burst                 0x20000ade    0x1  Data  Gb  HART.o [1]
g_HartState             0x20000ada    0x1  Data  Gb  HART.o [1]
g_Host                  0x20000104    0x1  Data  Gb  HART.o [1]
g_RcvMsgType            0x20000ad8    0x1  Data  Gb  HART.o [1]
g_RcvState              0x20000adb    0x1  Data  Gb  HART.o [1]
g_Rx                    0x20000a5c   0x38  Data  Gb  HART.o [1]
g_Tx                    0x200009f0   0x6c  Data  Gb  HART.o [1]
g_XmtMsgType            0x20000ad9    0x1  Data  Gb  HART.o [1]
g_XmtState              0x20000adc    0x1  Data  Gb  HART.o [1]
g_tmr                   0x20000aa8    0xc  Data  Gb  HART.o [1]
glcd_x                  0x20000ad2    0x2  Data  Gb  HART.o [1]
glcd_y                  0x20000ad4    0x2  Data  Gb  HART.o [1]
localeconv              0x00004f9f   0x16  Code  Gb  localeconv.o [3]
long_addr               0x20000000    0x8  Data  Gb  HART.o [1]
main                    0x00005969   0x18  Code  Gb  main.o [1]
malloc                  0x00004579   0xac  Code  Gb  xxmemxmalloc.o [3]
memchr                  0x00004515         Code  Gb  memchr.o [5]
pXmtBufferCur           0x20000ac0    0x4  Data  Lc  HART.o [1]
s_RcvBufferPos          0x20000aca    0x2  Data  Lc  HART.o [1]
s_XmtBufferCnt          0x20000ac8    0x2  Data  Lc  HART.o [1]
s_XmtPreambleNum        0x20000add    0x1  Data  Lc  HART.o [1]
sprintf                 0x000032c1   0x34  Code  Gb  sprintf.o [3]
strchr                  0x000044c5         Code  Gb  strchr.o [5]
strlen                  0x000044dd         Code  Gb  strlen.o [5]


[1] = D:\001_Works\001_Working\20161021_HART_Module\Project\IAR\Debug\Obj
[2] = command line
[3] = dl7M_tlf.a
[4] = m7M_tl.a
[5] = rt7M_tl.a
[6] = shb_l.a

  21 362 bytes of readonly  code memory
   2 108 bytes of readonly  data memory
   2 783 bytes of readwrite data memory

Errors: none
Warnings: none
