###############################################################################
#
# IAR ELF Linker V7.50.2.10312/W32 for ARM                03/Nov/2016  20:59:43
# Copyright 2007-2015 IAR Systems AB.
#
#    Output file  =  
#        D:\001_Works\001_Working\20161021_HART_Module\Project\IAR\Debug\Exe\HART_Module.out
#    Map file     =  
#        D:\001_Works\001_Working\20161021_HART_Module\Project\IAR\Debug\List\HART_Module.map
#    Command line =  
#        D:\001_Works\001_Working\20161021_HART_Module\Project\IAR\Debug\Obj\ClkLib.o
#        D:\001_Works\001_Working\20161021_HART_Module\Project\IAR\Debug\Obj\DioLib.o
#        D:\001_Works\001_Working\20161021_HART_Module\Project\IAR\Debug\Obj\GptLib.o
#        D:\001_Works\001_Working\20161021_HART_Module\Project\IAR\Debug\Obj\HART.o
#        D:\001_Works\001_Working\20161021_HART_Module\Project\IAR\Debug\Obj\IntLib.o
#        D:\001_Works\001_Working\20161021_HART_Module\Project\IAR\Debug\Obj\main.o
#        D:\001_Works\001_Working\20161021_HART_Module\Project\IAR\Debug\Obj\startup_ADuCM360.o
#        D:\001_Works\001_Working\20161021_HART_Module\Project\IAR\Debug\Obj\UrtLib.o
#        D:\001_Works\001_Working\20161021_HART_Module\Project\IAR\Debug\Obj\WdtLib.o
#        --redirect _Printf=_PrintfFull --redirect _Scanf=_ScanfFull -o
#        D:\001_Works\001_Working\20161021_HART_Module\Project\IAR\Debug\Exe\HART_Module.out
#        --map
#        D:\001_Works\001_Working\20161021_HART_Module\Project\IAR\Debug\List\HART_Module.map
#        --config "C:\Program Files (x86)\IAR Systems\Embedded Workbench
#        7.3\arm\config\linker\AnalogDevices\ADuCM360.icf" --semihosting
#        --entry __iar_program_start --vfe
#
###############################################################################

*******************************************************************************
*** RUNTIME MODEL ATTRIBUTES
***

CppFlavor       = *
__SystemLibrary = DLib


*******************************************************************************
*** PLACEMENT SUMMARY
***

"A1":  place at 0x00000000 { ro section .intvec };
"P1":  place in [from 0x00000000 to 0x0001ffff] { ro };
"P2":  place in [from 0x20000000 to 0x20001fff] { rw, block CSTACK, block HEAP };

  Section            Kind        Address    Size  Object
  -------            ----        -------    ----  ------
"A1":                                       0xe0
  .intvec            ro code  0x00000000    0xe0  startup_ADuCM360.o [1]
                            - 0x000000e0    0xe0

"P1":                                     0x2a8c
  .text              ro code  0x000000e0  0x26e8  HART.o [1]
  .text              ro code  0x000027c8    0x22  DioLib.o [1]
  .text              ro code  0x000027ec    0x2c  GptLib.o [1]
  .text              ro code  0x00002818    0xd0  UrtLib.o [1]
  .text              ro code  0x000028e8    0x24  FltCmpGe.o [4]
  .text              ro code  0x0000290c    0x24  FltCmpLe.o [4]
  .text              ro code  0x00002930    0xa4  main.o [1]
  .text              ro code  0x000029d4    0x20  WdtLib.o [1]
  .text              ro code  0x000029f4    0x60  ClkLib.o [1]
  .text              ro code  0x00002a54    0x40  zero_init3.o [5]
  .text              ro code  0x00002a94    0x2c  copy_init3.o [5]
  .text              ro code  0x00002ac0    0x28  data_init.o [5]
  .iar.init_table    const    0x00002ae8    0x24  - Linker created -
  .text              ro code  0x00002b0c    0x1a  cmain.o [5]
  .text              ro code  0x00002b26     0x4  low_level_init.o [3]
  .text              ro code  0x00002b2a     0x4  exit.o [3]
  .text              ro code  0x00002b30     0xa  cexit.o [5]
  .text              ro code  0x00002b3c    0x14  exit.o [6]
  .text              ro code  0x00002b50     0xc  cstartup_M.o [5]
  Initializer bytes  const    0x00002b5c     0xc  <for P2-1>
  .text              ro code  0x00002b68     0x4  startup_ADuCM360.o [1]
  .rodata            const    0x00002b6c     0x0  zero_init3.o [5]
  .rodata            const    0x00002b6c     0x0  copy_init3.o [5]
                            - 0x00002b6c  0x2a8c

"P2", part 1 of 3:                           0xc
  P2-1                        0x20000000     0x9  <Init block>
    .data            inited   0x20000000     0x8  HART.o [1]
    .data            inited   0x20000008     0x1  HART.o [1]
                            - 0x20000009     0x9

"P2", part 2 of 3:                         0x400
  CSTACK                      0x20000010   0x400  <Block>
    CSTACK           uninit   0x20000010   0x400  <Block tail>
                            - 0x20000410   0x400

"P2", part 3 of 3:                         0x194
  .bss               zero     0x20000410    0xc0  HART.o [1]
  .bss               zero     0x200004d0    0x6c  HART.o [1]
  .bss               zero     0x2000053c    0x38  HART.o [1]
  .bss               zero     0x20000574     0xc  HART.o [1]
  .bss               zero     0x20000580     0x4  HART.o [1]
  .bss               zero     0x20000584     0x4  HART.o [1]
  .bss               zero     0x20000588     0x2  HART.o [1]
  .bss               zero     0x2000058a     0x2  HART.o [1]
  .bss               zero     0x2000058c     0x2  HART.o [1]
  .bss               zero     0x2000058e     0x2  HART.o [1]
  .bss               zero     0x20000590     0x2  HART.o [1]
  .bss               zero     0x20000592     0x2  HART.o [1]
  .bss               zero     0x20000594     0x2  HART.o [1]
  .bss               zero     0x20000596     0x2  HART.o [1]
  .bss               zero     0x20000598     0x2  HART.o [1]
  .bss               zero     0x2000059a     0x1  HART.o [1]
  .bss               zero     0x2000059b     0x1  HART.o [1]
  .bss               zero     0x2000059c     0x1  HART.o [1]
  .bss               zero     0x2000059d     0x1  HART.o [1]
  .bss               zero     0x2000059e     0x1  HART.o [1]
  .bss               zero     0x2000059f     0x1  HART.o [1]
  .bss               zero     0x200005a0     0x1  HART.o [1]
  .bss               zero     0x200005a1     0x1  HART.o [1]
  .bss               zero     0x200005a2     0x1  HART.o [1]
  .bss               zero     0x200005a3     0x1  HART.o [1]
                            - 0x200005a4   0x194


*******************************************************************************
*** INIT TABLE
***

          Address     Size
          -------     ----
Zero (__iar_zero_init3)
    1 destination range, total size 0x194:
          0x20000410  0x194

Copy (__iar_copy_init3)
    1 source range, total size 0xc (133% of destination):
          0x00002b5c    0xc
    1 destination range, total size 0x9:
          0x20000000    0x9



*******************************************************************************
*** MODULE SUMMARY
***

    Module              ro code  ro data  rw data
    ------              -------  -------  -------
D:\001_Works\001_Working\20161021_HART_Module\Project\IAR\Debug\Obj: [1]
    ClkLib.o                 96
    DioLib.o                 34
    GptLib.o                 44
    HART.o                9 960        9      413
    UrtLib.o                208
    WdtLib.o                 32
    main.o                  164
    startup_ADuCM360.o      228
    ---------------------------------------------
    Total:               10 766        9      413

command line: [2]
    ---------------------------------------------
    Total:

dl7M_tlf.a: [3]
    exit.o                    4
    low_level_init.o          4
    ---------------------------------------------
    Total:                    8

m7M_tl.a: [4]
    FltCmpGe.o               36
    FltCmpLe.o               36
    ---------------------------------------------
    Total:                   72

rt7M_tl.a: [5]
    cexit.o                  10
    cmain.o                  26
    copy_init3.o             44
    cstartup_M.o             12
    data_init.o              40
    zero_init3.o             64
    ---------------------------------------------
    Total:                  196

shb_l.a: [6]
    exit.o                   20
    ---------------------------------------------
    Total:                   20

    Gaps                      6
    Linker created                    39    1 024
-------------------------------------------------
    Grand Total:         11 068       48    1 437


*******************************************************************************
*** ENTRY LIST
***

Entry                      Address   Size  Type      Object
-----                      -------   ----  ----      ------
.iar.init_table$$Base   0x00002ae8          --   Gb  - Linker created -
.iar.init_table$$Limit  0x00002b0c          --   Gb  - Linker created -
?main                   0x00002b0d         Code  Gb  cmain.o [5]
C0_RdUniqueId           0x0000192b   0x1c  Code  Gb  HART.o [1]
C108_WrBurstModeCmdNum  0x00002677   0x34  Code  Gb  HART.o [1]
C109_BurstModeControl   0x000026ab   0x30  Code  Gb  HART.o [1]
C12_RdMessage           0x00001ba1   0x42  Code  Gb  HART.o [1]
C13_RdTagDescriptorDate
                        0x00001bed   0x9a  Code  Gb  HART.o [1]
C14_RdPVTransducerInfo  0x00001c87   0x82  Code  Gb  HART.o [1]
C15_RdDeviceInfo        0x00001d09   0xc6  Code  Gb  HART.o [1]
C16_RdFinalAssemblyNum  0x00001dcf   0x40  Code  Gb  HART.o [1]
C17_WrMessage           0x00001e0f   0x48  Code  Gb  HART.o [1]
C18_WrTagDescriptorDate
                        0x00001e57   0x5a  Code  Gb  HART.o [1]
C19_WrFinalAssemblyNum  0x00001eb5   0x48  Code  Gb  HART.o [1]
C1_RdPV                 0x00001947   0x3a  Code  Gb  HART.o [1]
C200_WrTest             0x000026db   0x60  Code  Gb  HART.o [1]
C20_RdLongTag           0x00001efd   0x42  Code  Gb  HART.o [1]
C22_WrLongTag           0x00001f3f   0x42  Code  Gb  HART.o [1]
C2_RdLoopCurrPerOfRange
                        0x00001981   0x32  Code  Gb  HART.o [1]
C33_RdDeviceVariable    0x00001f85  0x1fc  Code  Gb  HART.o [1]
C34_WrPVDamping         0x00002181   0x34  Code  Gb  HART.o [1]
C35_WrPVRange           0x000021b9   0x66  Code  Gb  HART.o [1]
C36_SetPVUpperRange     0x0000221f   0x1e  Code  Gb  HART.o [1]
C37_SetPVLowerRange     0x0000223d   0x1e  Code  Gb  HART.o [1]
C38_ResetCfgChangeFlag  0x0000225b   0x32  Code  Gb  HART.o [1]
C3_RdDVLoopCurr         0x000019b9   0xb8  Code  Gb  HART.o [1]
C40_EnterOrExitFixedCurrent
                        0x00002291   0x36  Code  Gb  HART.o [1]
C41_PerformSelfTest     0x000022c7    0x8  Code  Gb  HART.o [1]
C42_PerformDeviceReset  0x000022cf    0x8  Code  Gb  HART.o [1]
C43_PVZero              0x000022d7   0x1a  Code  Gb  HART.o [1]
C44_WrPVUnit            0x000022f5   0x3a  Code  Gb  HART.o [1]
C45_TrimLoopCurrentZero
                        0x0000232f   0x5c  Code  Gb  HART.o [1]
C46_TrimLoopCurrentGain
                        0x0000238b   0x5c  Code  Gb  HART.o [1]
C47_WrPVTransferFunction
                        0x000023e7   0x3a  Code  Gb  HART.o [1]
C48_RdAdditionalDeviceStatus
                        0x00002435   0xca  Code  Gb  HART.o [1]
C49_WrPVTransducerSerialNum
                        0x00002509   0x56  Code  Gb  HART.o [1]
C50_RdDVAssignments     0x00002569   0x5c  Code  Gb  HART.o [1]
C51_WrDVAssignments     0x000025c5   0x7e  Code  Gb  HART.o [1]
C59_WrNumOfResposePreambles
                        0x00002643   0x34  Code  Gb  HART.o [1]
C6_WrPollingAddr        0x00001a71   0x58  Code  Gb  HART.o [1]
C7_RdLoopConfiguration  0x00001ad1   0x42  Code  Gb  HART.o [1]
C8_RdDVClass            0x00001b19   0x76  Code  Gb  HART.o [1]
C9_RdStatusDV           0x00001b99    0x8  Code  Gb  HART.o [1]
CSTACK$$Base            0x20000010          --   Gb  - Linker created -
CSTACK$$Limit           0x20000410          --   Gb  - Linker created -
Chip_Initailize         0x00002931   0x7e  Code  Gb  main.o [1]
ClkCfg                  0x000029f5   0x20  Code  Gb  ClkLib.o [1]
ClkDis                  0x00002a41    0x8  Code  Gb  ClkLib.o [1]
ClkSel                  0x00002a15   0x2c  Code  Gb  ClkLib.o [1]
Cmd_Function            0x000009cd  0x390  Code  Gb  HART.o [1]
Config_Change           0x0000172d   0x1a  Code  Lc  HART.o [1]
Data_To_Float           0x00001765   0x20  Code  Lc  HART.o [1]
DioCfg                  0x000027c9    0x6  Code  Gb  DioLib.o [1]
DioClr                  0x000027e1    0xa  Code  Gb  DioLib.o [1]
DioOen                  0x000027cf    0x6  Code  Gb  DioLib.o [1]
DioPul                  0x000027d5    0x6  Code  Gb  DioLib.o [1]
DioSet                  0x000027db    0x6  Code  Gb  DioLib.o [1]
Enter_Critical_Section  0x000009c5    0x4  Code  Gb  HART.o [1]
Exit_Critical_Section   0x000009c9    0x4  Code  Gb  HART.o [1]
Float_To_Data           0x00001785   0x62  Code  Lc  HART.o [1]
Frame_Cmd_Data          0x00000d5d   0x60  Code  Gb  HART.o [1]
GLCD_ClearScreen        0x000002f3   0x30  Code  Gb  HART.o [1]
GLCD_GoTo               0x000002b9   0x3a  Code  Gb  HART.o [1]
GLCD_Initialize         0x00000251   0x68  Code  Gb  HART.o [1]
GLCD_InitializePorts    0x0000011b   0x58  Code  Gb  HART.o [1]
GLCD_WriteCommand       0x000001dd   0x74  Code  Gb  HART.o [1]
GLCD_WriteData          0x00000173   0x6a  Code  Gb  HART.o [1]
GP_Tmr0_Int_Handler     0x0000276f   0x30  Code  Gb  HART.o [1]
Get_Act_Gain_Current    0x00000723    0x8  Code  Gb  HART.o [1]
Get_Act_Zero_Current    0x0000071b    0x8  Code  Gb  HART.o [1]
Get_Alarm_Sw            0x0000069f    0xa  Code  Gb  HART.o [1]
Get_Analog_Channel      0x000006db    0xa  Code  Gb  HART.o [1]
Get_Analog_Channel_Fixed
                        0x0000051d    0xa  Code  Gb  HART.o [1]
Get_Analog_Channel_Saturation
                        0x00000509    0xa  Code  Gb  HART.o [1]
Get_Burst_Mode          0x0000042d    0xa  Code  Gb  HART.o [1]
Get_Burst_Mode_Cmd_Num  0x00000441    0xa  Code  Gb  HART.o [1]
Get_Date                0x000005cb    0x6  Code  Gb  HART.o [1]
Get_Descriptor          0x000005a5    0x6  Code  Gb  HART.o [1]
Get_Device_Operating_Mode
                        0x00000759    0xa  Code  Gb  HART.o [1]
Get_Device_Specific_Status
                        0x00000749    0x6  Code  Gb  HART.o [1]
Get_Extended_Device_Status
                        0x000004a5    0xa  Code  Gb  HART.o [1]
Get_Final_Assembly_Num  0x00000705    0x6  Code  Gb  HART.o [1]
Get_Fixed_Current       0x00000713    0x8  Code  Gb  HART.o [1]
Get_Host_Type           0x00000763    0xc  Code  Gb  HART.o [1]
Get_LongTag             0x000005f1    0x6  Code  Gb  HART.o [1]
Get_Loop_Current        0x0000040b    0x8  Code  Gb  HART.o [1]
Get_Loop_Current_Mode   0x00000491    0xa  Code  Gb  HART.o [1]
Get_Message             0x00000559    0x6  Code  Gb  HART.o [1]
Get_Percent_Of_Range    0x0000041b    0x8  Code  Gb  HART.o [1]
Get_Polling_Addr        0x0000047d    0xa  Code  Gb  HART.o [1]
Get_Protect             0x000006c7    0xa  Code  Gb  HART.o [1]
Get_Pv                  0x0000032b    0x8  Code  Gb  HART.o [1]
Get_Pv_Code             0x000003bd    0xa  Code  Gb  HART.o [1]
Get_Pv_Damping_Time     0x00000677    0xa  Code  Gb  HART.o [1]
Get_Pv_Lower_Range      0x00000663    0xa  Code  Gb  HART.o [1]
Get_Pv_Min_Span         0x0000068b    0xa  Code  Gb  HART.o [1]
Get_Pv_Unit             0x0000036d    0xa  Code  Gb  HART.o [1]
Get_Pv_Upper_Range      0x0000064f    0xa  Code  Gb  HART.o [1]
Get_Qv                  0x0000035b    0x8  Code  Gb  HART.o [1]
Get_Qv_Code             0x000003f9    0xa  Code  Gb  HART.o [1]
Get_Qv_Unit             0x000003a9    0xa  Code  Gb  HART.o [1]
Get_Response_Preamble_Num
                        0x00000455    0xa  Code  Gb  HART.o [1]
Get_Rx_Data_Pointer     0x000017f5   0x14  Code  Gb  HART.o [1]
Get_Std_Status_0        0x000004b9    0xa  Code  Gb  HART.o [1]
Get_Std_Status_1        0x000004cd    0xa  Code  Gb  HART.o [1]
Get_Std_Status_2        0x000004e1    0xa  Code  Gb  HART.o [1]
Get_Std_Status_3        0x000004f5    0xa  Code  Gb  HART.o [1]
Get_Sv                  0x0000033b    0x8  Code  Gb  HART.o [1]
Get_Sv_Code             0x000003d1    0xa  Code  Gb  HART.o [1]
Get_Sv_Unit             0x00000381    0xa  Code  Gb  HART.o [1]
Get_Tag                 0x0000057f    0x6  Code  Gb  HART.o [1]
Get_Transducer_Lower    0x0000063b    0xa  Code  Gb  HART.o [1]
Get_Transducer_Serial_Num
                        0x00000617    0x6  Code  Gb  HART.o [1]
Get_Transducer_Upper    0x00000627    0xa  Code  Gb  HART.o [1]
Get_Transfer_Func       0x000006b3    0xa  Code  Gb  HART.o [1]
Get_Tv                  0x0000034b    0x8  Code  Gb  HART.o [1]
Get_Tv_Code             0x000003e5    0xa  Code  Gb  HART.o [1]
Get_Tv_Unit             0x00000395    0xa  Code  Gb  HART.o [1]
Get_Ul_Range_Unit       0x00000469    0xa  Code  Gb  HART.o [1]
GptCfg                  0x000027ed   0x20  Code  Gb  GptLib.o [1]
GptClrInt               0x00002813    0x6  Code  Gb  GptLib.o [1]
GptLd                   0x0000280d    0x6  Code  Gb  GptLib.o [1]
HART_Init               0x000007b3   0x3a  Code  Gb  HART.o [1]
HART_Process            0x00000929   0x94  Code  Lc  HART.o [1]
HART_Rx_Msg             0x0000109d  0x316  Code  Gb  HART.o [1]
HART_Tx_Msg             0x00000fd9   0xa8  Code  Gb  HART.o [1]
HART_Wait               0x00000871   0xae  Code  Lc  HART.o [1]
HART_polling            0x000007ed   0x7a  Code  Gb  HART.o [1]
HrtByteCnt              0x2000058e    0x2  Data  Gb  HART.o [1]
HrtDeviceStatus         0x200005a2    0x1  Data  Gb  HART.o [1]
HrtResposeCode          0x200005a1    0x1  Data  Gb  HART.o [1]
Init_Param              0x00000e11  0x148  Code  Gb  HART.o [1]
Is_Addr_Match           0x00000dbd   0x2c  Code  Lc  HART.o [1]
Is_Timeout_Id           0x00001489   0x26  Code  Gb  HART.o [1]
Longitudinal_Parity     0x00000ded   0x24  Code  Lc  HART.o [1]
NVIC_EnableIRQ          0x000000e1   0x16  Code  Lc  HART.o [1]
RcvFrameCnt             0x2000058c    0x2  Data  Gb  HART.o [1]
Region$$Table$$Base     0x00002ae8          --   Gb  - Linker created -
Region$$Table$$Limit    0x00002b0c          --   Gb  - Linker created -
Send_Byte               0x000013b9   0x10  Code  Gb  HART.o [1]
Set_Alarm_Sw            0x00000695    0xa  Code  Gb  HART.o [1]
Set_Analog_Channel      0x000006d1    0xa  Code  Gb  HART.o [1]
Set_Analog_Channel_Fixed
                        0x00000513    0xa  Code  Gb  HART.o [1]
Set_Analog_Channel_Saturation
                        0x000004ff    0xa  Code  Gb  HART.o [1]
Set_Burst_Mode          0x00000423    0xa  Code  Gb  HART.o [1]
Set_Burst_Mode_Cmd_Num  0x00000437    0xa  Code  Gb  HART.o [1]
Set_Config_Change_Flag  0x00000527    0xa  Code  Gb  HART.o [1]
Set_Data_Link           0x00001829   0xc0  Code  Gb  HART.o [1]
Set_Date                0x000005ab   0x20  Code  Gb  HART.o [1]
Set_Delay_Time          0x0000144b   0x36  Code  Gb  HART.o [1]
Set_Descriptor          0x00000585   0x20  Code  Gb  HART.o [1]
Set_Device_Operating_Mode
                        0x0000074f    0xa  Code  Gb  HART.o [1]
Set_Device_Specific_Status
                        0x0000072b   0x1e  Code  Gb  HART.o [1]
Set_Extended_Device_Status
                        0x0000049b    0xa  Code  Gb  HART.o [1]
Set_Final_Assembly_Num  0x000006e5   0x20  Code  Gb  HART.o [1]
Set_Fixed_Current       0x0000070b    0x8  Code  Gb  HART.o [1]
Set_LongTag             0x000005d1   0x20  Code  Gb  HART.o [1]
Set_Loop_Current        0x00000403    0x8  Code  Gb  HART.o [1]
Set_Loop_Current_Mode   0x00000487    0xa  Code  Gb  HART.o [1]
Set_Message             0x00000539   0x20  Code  Gb  HART.o [1]
Set_Percent_Of_Range    0x00000413    0x8  Code  Gb  HART.o [1]
Set_Polling_Addr        0x00000473    0xa  Code  Gb  HART.o [1]
Set_Protect             0x000006bd    0xa  Code  Gb  HART.o [1]
Set_Pv                  0x00000323    0x8  Code  Gb  HART.o [1]
Set_Pv_Code             0x000003b3    0xa  Code  Gb  HART.o [1]
Set_Pv_Damping_Time     0x0000066d    0xa  Code  Gb  HART.o [1]
Set_Pv_Lower_Range      0x00000659    0xa  Code  Gb  HART.o [1]
Set_Pv_Min_Span         0x00000681    0xa  Code  Gb  HART.o [1]
Set_Pv_Unit             0x00000363    0xa  Code  Gb  HART.o [1]
Set_Pv_Upper_Range      0x00000645    0xa  Code  Gb  HART.o [1]
Set_Pv_Zero             0x00000531    0x8  Code  Gb  HART.o [1]
Set_Qv                  0x00000353    0x8  Code  Gb  HART.o [1]
Set_Qv_Code             0x000003ef    0xa  Code  Gb  HART.o [1]
Set_Qv_Unit             0x0000039f    0xa  Code  Gb  HART.o [1]
Set_Rcv_Frame_Count     0x000013d5   0x1a  Code  Gb  HART.o [1]
Set_Response_Code       0x000018e9   0x42  Code  Gb  HART.o [1]
Set_Response_Preamble_Num
                        0x0000044b    0xa  Code  Gb  HART.o [1]
Set_Std_Status_0        0x000004af    0xa  Code  Gb  HART.o [1]
Set_Std_Status_1        0x000004c3    0xa  Code  Gb  HART.o [1]
Set_Std_Status_2        0x000004d7    0xa  Code  Gb  HART.o [1]
Set_Std_Status_3        0x000004eb    0xa  Code  Gb  HART.o [1]
Set_Sv                  0x00000333    0x8  Code  Gb  HART.o [1]
Set_Sv_Code             0x000003c7    0xa  Code  Gb  HART.o [1]
Set_Sv_Unit             0x00000377    0xa  Code  Gb  HART.o [1]
Set_Tag                 0x0000055f   0x20  Code  Gb  HART.o [1]
Set_Transducer_Lower    0x00000631    0xa  Code  Gb  HART.o [1]
Set_Transducer_Serial_Num
                        0x000005f7   0x20  Code  Gb  HART.o [1]
Set_Transducer_Upper    0x0000061d    0xa  Code  Gb  HART.o [1]
Set_Transfer_Func       0x000006a9    0xa  Code  Gb  HART.o [1]
Set_Tv                  0x00000343    0x8  Code  Gb  HART.o [1]
Set_Tv_Code             0x000003db    0xa  Code  Gb  HART.o [1]
Set_Tv_Unit             0x0000038b    0xa  Code  Gb  HART.o [1]
Set_Ul_Range_Unit       0x0000045f    0xa  Code  Gb  HART.o [1]
Soft_Timer_Dec          0x0000142d   0x1e  Code  Lc  HART.o [1]
Soft_Timer_Init         0x0000076f   0x28  Code  Gb  HART.o [1]
TIMER0_Init             0x00000797   0x1c  Code  Gb  HART.o [1]
UART_Enable             0x00000f83   0x56  Code  Gb  HART.o [1]
UART_Init               0x00000f59   0x2a  Code  Gb  HART.o [1]
UART_Int_Handler        0x0000273b   0x34  Code  Gb  HART.o [1]
UrtCfg                  0x00002819   0x9a  Code  Gb  UrtLib.o [1]
UrtIntCfg               0x000028df    0x6  Code  Gb  UrtLib.o [1]
UrtIntSta               0x000028e5    0x4  Code  Gb  UrtLib.o [1]
UrtMod                  0x000028d5    0xa  Code  Gb  UrtLib.o [1]
UrtRx                   0x000028d1    0x4  Code  Gb  UrtLib.o [1]
UrtTx                   0x000028c1   0x10  Code  Gb  UrtLib.o [1]
WdtCfg                  0x000029d5   0x1c  Code  Gb  WdtLib.o [1]
__aeabi_cfcmple         0x0000290d         Code  Gb  FltCmpLe.o [4]
__aeabi_cfrcmple        0x000028e9         Code  Gb  FltCmpGe.o [4]
__cmain                 0x00002b0d         Code  Gb  cmain.o [5]
__exit                  0x00002b3d   0x14  Code  Gb  exit.o [6]
__iar_copy_init3        0x00002a95   0x2c  Code  Gb  copy_init3.o [5]
__iar_data_init3        0x00002ac1   0x28  Code  Gb  data_init.o [5]
__iar_program_start     0x00002b51         Code  Gb  cstartup_M.o [5]
__iar_zero_init3        0x00002a55   0x40  Code  Gb  zero_init3.o [5]
__low_level_init        0x00002b27    0x4  Code  Gb  low_level_init.o [3]
__vector_table          0x00000000         Data  Gb  startup_ADuCM360.o [1]
_call_main              0x00002b19         Code  Gb  cmain.o [5]
_exit                   0x00002b31         Code  Gb  cexit.o [5]
_main                   0x00002b23         Code  Gb  cmain.o [5]
_para                   0x20000410   0xc0  Data  Gb  HART.o [1]
command                 0x20000580    0x4  Data  Gb  HART.o [1]
configurationChangeCounter
                        0x20000590    0x2  Data  Gb  HART.o [1]
delay_ms                0x00000107   0x14  Code  Gb  HART.o [1]
delay_us                0x000000f7   0x10  Code  Gb  HART.o [1]
dly_cnt                 0x20000592    0x2  Data  Gb  HART.o [1]
exit                    0x00002b2b    0x4  Code  Gb  exit.o [3]
g_Burst                 0x200005a0    0x1  Data  Gb  HART.o [1]
g_HartState             0x2000059c    0x1  Data  Gb  HART.o [1]
g_Host                  0x20000008    0x1  Data  Gb  HART.o [1]
g_RcvMsgType            0x2000059a    0x1  Data  Gb  HART.o [1]
g_RcvState              0x2000059d    0x1  Data  Gb  HART.o [1]
g_Rx                    0x2000053c   0x38  Data  Gb  HART.o [1]
g_Tx                    0x200004d0   0x6c  Data  Gb  HART.o [1]
g_XmtMsgType            0x2000059b    0x1  Data  Gb  HART.o [1]
g_XmtState              0x2000059e    0x1  Data  Gb  HART.o [1]
g_tmr                   0x20000574    0xc  Data  Gb  HART.o [1]
glcd_x                  0x20000594    0x2  Data  Gb  HART.o [1]
glcd_y                  0x20000596    0x2  Data  Gb  HART.o [1]
long_addr               0x20000000    0x8  Data  Gb  HART.o [1]
main                    0x000029bd   0x18  Code  Gb  main.o [1]
pXmtBufferCur           0x20000584    0x4  Data  Lc  HART.o [1]
s_RcvBufferPos          0x2000058a    0x2  Data  Lc  HART.o [1]
s_XmtBufferCnt          0x20000588    0x2  Data  Lc  HART.o [1]
s_XmtPreambleNum        0x2000059f    0x1  Data  Lc  HART.o [1]
set_ID                  0x00001509  0x21e  Code  Gb  HART.o [1]


[1] = D:\001_Works\001_Working\20161021_HART_Module\Project\IAR\Debug\Obj
[2] = command line
[3] = dl7M_tlf.a
[4] = m7M_tl.a
[5] = rt7M_tl.a
[6] = shb_l.a

  11 068 bytes of readonly  code memory
      48 bytes of readonly  data memory
   1 437 bytes of readwrite data memory

Errors: none
Warnings: none
